========================================================
  DungLang v0.7 patched — 外交・記憶・責任転嫁モジュール
  ウホ🦍🔥🪨
========================================================


━━━ § 1  公理破壊テスト ━━━

💥 公理破壊検出ウホ！
   問い: 「おならとは誰のものか」
   哲学ゴリラ主張: 「これは風の自己表現である」
   ❌ 公理崩壊: 「おならは観測されるまで風である」
   ❌ 公理崩壊: 「純粋関数は臭わない」

臭気<公理破壊(哲学ゴリラが「おならとは誰のものか」を放ちながら問うた。宇宙の矛盾ウホ。)——宇宙を再起動しますウホ>
  臭気レベル: 💨💨💨💨💨💨💨💨💨💨 (999)
  副作用履歴:
    💥 公理が割れた: 哲学ゴリラが「おならとは誰のものか」を放ちながら問うた。宇宙の矛盾ウホ。


━━━ § 2  越境臭気・外交処理 ━━━

🌍 外交問題発生ウホ！
   発生源部族: ウホ族
   被害部族:   バナナ族
   臭気濃度:   7 (条約値超過)
   容疑者:     マンモス

   📜 外交処理開始...
   バナナ賠償: 🍌 × 14

   📋 判定結果: 外交解決: ウホ族→バナナ族 バナナ14本で和解

🌤️  気象ゴリラ判定: 濃度2 ≤ 条約値
   → 「これは自然現象ウホ。風が運んだだけ。」

   📋 判定結果: 無罪: 気象ゴリラ証明済み（ウホ族は関係ない）


━━━ § 3  認知ガベージコレクション ━━━
   🧠 記憶追加: 「マンモスがおならした」（現在1件）
   🧠 記憶追加: 「外交問題が発生した」（現在2件）
   🧠 記憶追加: 「哲学ゴリラが公理を破壊した」（現在3件）
   🧠 記憶追加: 「バナナが3本消えた」（現在4件）

   --- バナナ2本で試みる ---

🍌 バナナ2本受領...
   ⚠️  バナナ不足（2本 < 閾値3本）
   まだ覚えてるウホ😠
   結果: 記憶保持中（あと1本でGCウホ）

   --- バナナ3本投入 ---

🍌 バナナ3本受領...
   ✨ 認知GC発動: 4件の記憶を忘却
   ムシャムシャ... 🍌×3... ウホ......
   💭 「何かあったっけ？まあいいウホ🍌」
   結果: 忘却済み（4件の臭気事件が歴史から消えたウホ）
   残記憶数: 0件


━━━ § 4  最強例外処理・責任転嫁ウホ ━━━

   try: 臭気事件
   catch: バナナ三本
   result: なかったことになる
    

⚖️  責任転嫁エンジン起動ウホ
   事案: 「越境臭気事件（濃度7）」
   転嫁先: マンモスの近くにいた誰か
   → 責任所在: マンモスの近くにいた誰か（信頼度31%）

⚖️  責任転嫁エンジン起動ウホ
   事案: 「哲学ゴリラ公理破壊」
   転嫁先: 観測した人（観測が原因説）
   🍌 バナナ3本投入 → なかったことに
   → 事案消滅（バナナ3本で揉み消し済み）

========================================================
  🪨 v0.7 patched 総括
========================================================

  哲学ゴリラが放ち         →  公理破壊例外（漂う）
  風が運び                 →  越境臭気型で追跡
  バナナが揉み消す         →  認知GCで忘却済み

  警告: 臭気安全性は型安全性を上回りました
  注記: 真実は副作用とバナナにより完全に曲がりました
    
